// Jest Snapshot v1, https://goo.gl/fbAQLP

exports[`Button matches snapshot 1`] = `
<DocumentFragment>
  <button
    data-testid="button"
  >
    Fetch Character
  </button>
</DocumentFragment>
`;
